###############################################################################
#
# IAR ELF Linker V9.10.2.313/W64 for ARM                  15/Jul/2021  21:15:36
# Copyright 2007-2021 IAR Systems AB.
#
#    Output file  =
#        C:\Users\Usuario\Desktop\Projetos_TIVA\TM4C1294_RTOS_IAR9-main_2\Projects\tarefas\ewarm\Exe\tarefas.out
#    Map file     =
#        C:\Users\Usuario\Desktop\Projetos_TIVA\TM4C1294_RTOS_IAR9-main_2\Projects\tarefas\ewarm\List\tarefas.map
#    Command line =
#        -f
#        C:\Users\Usuario\Desktop\Projetos_TIVA\TM4C1294_RTOS_IAR9-main_2\Projects\tarefas\ewarm\Exe\tarefas.out.rsp
#        (C:\Users\Usuario\Desktop\Projetos_TIVA\TM4C1294_RTOS_IAR9-main_2\Projects\tarefas\ewarm\Obj\driverleds.o
#        C:\Users\Usuario\Desktop\Projetos_TIVA\TM4C1294_RTOS_IAR9-main_2\TivaWare_C_Series-2.1.4.178\driverlib\ewarm\Exe\driverlib.a
#        C:\Users\Usuario\Desktop\Projetos_TIVA\TM4C1294_RTOS_IAR9-main_2\CMSIS-5.6.0\CMSIS\RTOS2\RTX\Library\IAR\IDE\CM4F\Exe\RTX_CM.a
#        C:\Users\Usuario\Desktop\Projetos_TIVA\TM4C1294_RTOS_IAR9-main_2\Projects\tarefas\ewarm\Obj\RTX_Config.o
#        C:\Users\Usuario\Desktop\Projetos_TIVA\TM4C1294_RTOS_IAR9-main_2\Projects\tarefas\ewarm\Obj\rtx_lib.o
#        C:\Users\Usuario\Desktop\Projetos_TIVA\TM4C1294_RTOS_IAR9-main_2\Projects\tarefas\ewarm\Obj\startup_TM4C1294.o
#        C:\Users\Usuario\Desktop\Projetos_TIVA\TM4C1294_RTOS_IAR9-main_2\Projects\tarefas\ewarm\Obj\system_TM4C1294_TW.o
#        C:\Users\Usuario\Desktop\Projetos_TIVA\TM4C1294_RTOS_IAR9-main_2\Projects\tarefas\ewarm\Obj\tarefas.o
#        --no_out_extension -o
#        C:\Users\Usuario\Desktop\Projetos_TIVA\TM4C1294_RTOS_IAR9-main_2\Projects\tarefas\ewarm\Exe\tarefas.out
#        --map
#        C:\Users\Usuario\Desktop\Projetos_TIVA\TM4C1294_RTOS_IAR9-main_2\Projects\tarefas\ewarm\List\tarefas.map
#        --config "C:\Program Files\IAR Systems\Embedded Workbench
#        9.0\arm\config\linker\TexasInstruments\TM4C1294NC.icf" --semihosting
#        --entry __iar_program_start --vfe --text_out locale)
#
###############################################################################

*******************************************************************************
*** RUNTIME MODEL ATTRIBUTES
***

CppFlavor       = *
__SystemLibrary = DLib
__dlib_version  = 6


*******************************************************************************
*** HEAP SELECTION
***

The basic heap was selected because some modules are built with
size limitations (and not runtime checking), and --advanced_heap
was not specified.


*******************************************************************************
*** PLACEMENT SUMMARY
***

"A0":  place at address 0x0 { ro section .intvec };
"P1":  place in [from 0x0 to 0xf'ffff] { ro };
define block CSTACK with size = 32K, alignment = 8 { };
define block HEAP with size = 64K, alignment = 8 { };
"P2":  place in [from 0x2000'0000 to 0x2003'ffff] {
          rw, block CSTACK, block HEAP };
initialize by copy { rw };

  Section               Kind         Address    Size  Object
  -------               ----         -------    ----  ------
"A0":                                          0x3c0
  .intvec               ro code          0x0   0x3c0  startup_TM4C1294.o [1]
                                     - 0x3c0   0x3c0

"P1":                                         0x236d
  .text                 ro code        0x3c0   0x7bc  rtx_thread.o [2]
  .text                 ro code        0xb7c     0x2  rtx_evr.o [2]
  .text                 ro code        0xb7e     0x2  rtx_evr.o [2]
  .text                 ro code        0xb80     0x2  rtx_evr.o [2]
  .text                 ro code        0xb82     0x2  rtx_evr.o [2]
  .text                 ro code        0xb84     0x2  rtx_evr.o [2]
  .text                 ro code        0xb86     0x2  rtx_evr.o [2]
  .text                 ro code        0xb88     0x2  rtx_evr.o [2]
  .text                 ro code        0xb8a     0x2  rtx_evr.o [2]
  .text                 ro code        0xb8c     0x2  rtx_evr.o [2]
  .text                 ro code        0xb8e     0x2  rtx_evr.o [2]
  .text                 ro code        0xb90    0x28  rtx_thread.o [2]
  .text                 ro code        0xbb8     0x2  rtx_evr.o [2]
  .text                 ro code        0xbba     0x2  rtx_evr.o [2]
  .text                 ro code        0xbbc     0x2  rtx_evr.o [2]
  .text                 ro code        0xbbe    0x3a  packbits_init_single.o [5]
  .text                 ro code        0xbf8    0xe6  rtx_mempool.o [2]
  .text                 ro code        0xcde     0x2  rtx_evr.o [2]
  .text                 ro code        0xce0    0x84  rtx_memory.o [2]
  .text                 ro code        0xd64     0x6  ABImemclr4.o [5]
  .text                 ro code        0xd6a     0x2  rtx_evr.o [2]
  .text                 ro code        0xd6c    0x4a  rtx_memory.o [2]
  .text                 ro code        0xdb6     0x2  RTX_Config.o [1]
  .text                 ro code        0xdb8    0x52  rtx_mutex.o [2]
  .text                 ro code        0xe0a     0x2  rtx_evr.o [2]
  .text                 ro code        0xe0c     0x2  rtx_evr.o [2]
  .text                 ro code        0xe0e     0x2  rtx_evr.o [2]
  .text                 ro code        0xe10     0x2  rtx_evr.o [2]
  .text                 ro code        0xe12     0x2  rtx_evr.o [2]
  .text                 ro code        0xe14    0x20  RTX_Config.o [1]
  .text                 ro code        0xe34     0x2  rtx_evr.o [2]
  .text                 ro code        0xe36     0x2  rtx_evr.o [2]
  .text                 ro code        0xe38     0x2  rtx_evr.o [2]
  .text                 ro code        0xe3a     0x2  rtx_evr.o [2]
  .text                 ro code        0xe3c    0x32  ABImemset48.o [5]
  .text                 ro code        0xe6e     0x2  rtx_evr.o [2]
  .text                 ro code        0xe70     0x2  rtx_evr.o [2]
  .text                 ro code        0xe72     0x2  rtx_evr.o [2]
  .text                 ro code        0xe74   0x61c  rtx_msgqueue.o [2]
  .text                 ro code       0x1490    0xa6  ABImemcpy.o [5]
  .text                 ro code       0x1536     0x2  rtx_evr.o [2]
  .text                 ro code       0x1538     0x2  rtx_evr.o [2]
  .text                 ro code       0x153a     0x2  rtx_evr.o [2]
  .text                 ro code       0x153c     0x6  ABImemclr.o [5]
  .text                 ro code       0x1542     0x2  rtx_evr.o [2]
  .text                 ro code       0x1544     0x2  rtx_evr.o [2]
  .text                 ro code       0x1546     0x2  rtx_evr.o [2]
  .text                 ro code       0x1548     0x2  rtx_evr.o [2]
  .text                 ro code       0x154a     0x2  rtx_evr.o [2]
  .text                 ro code       0x154c     0x2  rtx_evr.o [2]
  .text                 ro code       0x154e     0x2  rtx_evr.o [2]
  .text                 ro code       0x1550   0x174  rtx_system.o [2]
  .text                 ro code       0x16c4     0x2  rtx_evr.o [2]
  .text                 ro code       0x16c6     0x2  rtx_evr.o [2]
  .text                 ro code       0x16c8    0x5e  ABImemset.o [5]
  .text                 ro code       0x1726     0x2  startup_TM4C1294.o [1]
  .text                 ro code       0x1728     0xc  os_systick.o [2]
  .text                 ro code       0x1734   0x2c8  rtx_kernel.o [2]
  .text                 ro code       0x19fc     0x2  rtx_evr.o [2]
  .text                 ro code       0x19fe    0x44  rtx_memory.o [2]
  .text                 ro code       0x1a42     0x2  rtx_evr.o [2]
  .text                 ro code       0x1a44     0x2  rtx_evr.o [2]
  .text                 ro code       0x1a48    0x40  os_systick.o [2]
  .text                 ro code       0x1a88     0x6  os_systick.o [2]
  .text                 ro code       0x1a90    0x2c  os_systick.o [2]
  .text                 ro code       0x1abc     0x2  rtx_evr.o [2]
  .text                 ro code       0x1abe     0x2  rtx_lib.o [1]
  .text                 ro code       0x1ac0     0x2  rtx_evr.o [2]
  .text                 ro code       0x1ac2     0x2  rtx_evr.o [2]
  .text                 ro code       0x1ac4     0x2  rtx_evr.o [2]
  .text                 ro code       0x1ac6     0x2  rtx_evr.o [2]
  .text                 ro code       0x1ac8   0x2a0  sysctl.o [4]
  .rodata               const         0x1d68   0x1b0  sysctl.o [4]
  .text                 ro code       0x1f18   0x14e  gpio.o [4]
  .text                 ro code       0x2068   0x130  driverleds.o [1]
  .text                 ro code       0x2198    0xd8  tarefas.o [1]
  .text                 ro code       0x2270    0x7c  rtx_delay.o [2]
  .text                 ro code       0x22ec     0x2  rtx_evr.o [2]
  .text                 ro code       0x22ee     0x2  rtx_evr.o [2]
  .text                 ro code       0x22f0     0x2  rtx_evr.o [2]
  .text                 ro code       0x22f4    0xc4  irq_cm4f.o [2]
  .text                 ro code       0x23b8    0x90  rtx_timer.o [2]
  .rodata               const         0x2448    0x6c  sysctl.o [4]
  .rodata               const         0x24b4    0x68  rtx_lib.o [1]
  .text                 ro code       0x251c    0x44  rtx_timer.o [2]
  .text                 ro code       0x2560     0x2  rtx_evr.o [2]
  .text                 ro code       0x2562    0x38  zero_init3.o [5]
  .rodata               const         0x259c    0x30  sysctl.o [4]
  .text                 ro code       0x25cc    0x30  system_TM4C1294_TW.o [1]
  .text                 ro code       0x25fc    0x28  data_init.o [5]
  .rodata               const         0x2624    0x24  rtx_lib.o [1]
  .rodata               const         0x2648    0x24  rtx_lib.o [1]
  .iar.init_table       const         0x266c    0x20  - Linker created -
  .text                 ro code       0x268c    0x1e  cmain.o [5]
  .text                 ro code       0x26aa     0x4  low_level_init.o [3]
  .text                 ro code       0x26ae     0x4  exit.o [3]
  .text                 ro code       0x26b4     0xa  cexit.o [5]
  .text                 ro code       0x26c0    0x14  exit.o [6]
  .text                 ro code       0x26d4    0x1c  cstartup_M.o [5]
  .text                 ro code       0x26f0    0x14  startup_TM4C1294.o [1]
  .rodata               const         0x2704    0x18  rtx_lib.o [1]
  .rodata               const         0x271c     0x4  rtx_lib.o [1]
  .rodata               const         0x2720     0x0  zero_init3.o [5]
  .rodata               const         0x2720     0x0  packbits_init_single.o [5]
  Initializer bytes     const         0x2720     0xd  <for P2-1>
                                    - 0x272d  0x236d

"P2", part 1 of 3:                              0xa4
  P2-1                           0x2000'0000    0xa4  <Init block>
    .data.os            inited   0x2000'0000    0xa4  rtx_kernel.o [2]
                               - 0x2000'00a4    0xa4

"P2", part 2 of 3:                            0x1384
  .bss.os               zero     0x2000'00a8  0x1000  rtx_lib.o [1]
  .bss.os.thread.stack  zero     0x2000'10a8   0x100  rtx_lib.o [1]
  .bss.os.thread.stack  zero     0x2000'11a8   0x100  rtx_lib.o [1]
  .bss.os.msgqueue.mem  zero     0x2000'12a8    0x50  rtx_lib.o [1]
  .bss.os.thread.cb     zero     0x2000'12f8    0x44  rtx_lib.o [1]
  .bss.os.thread.cb     zero     0x2000'133c    0x44  rtx_lib.o [1]
  .bss.os               zero     0x2000'1380    0x40  rtx_lib.o [1]
  .bss.os.msgqueue.cb   zero     0x2000'13c0    0x34  rtx_lib.o [1]
  .bss                  zero     0x2000'13f4     0x8  tarefas.o [1]
  .bss                  zero     0x2000'13fc     0x8  tarefas.o [1]
  .bss                  zero     0x2000'1404     0x8  tarefas.o [1]
  .bss                  zero     0x2000'140c     0x8  tarefas.o [1]
  .bss                  zero     0x2000'1414     0x4  tarefas.o [1]
  .bss                  zero     0x2000'1418     0x4  tarefas.o [1]
  .bss                  zero     0x2000'141c     0x4  tarefas.o [1]
  .bss                  zero     0x2000'1420     0x4  tarefas.o [1]
  .bss                  zero     0x2000'1424     0x1  os_systick.o [2]
                               - 0x2000'1425  0x1381

"P2", part 3 of 3:                            0x8008
  .noinit               uninit   0x2000'1428     0x4  system_TM4C1294_TW.o [1]
  CSTACK                         0x2000'1430  0x8000  <Block>
    CSTACK              uninit   0x2000'1430  0x8000  <Block tail>
                               - 0x2000'9430  0x8008

Unused ranges:

         From           To      Size
         ----           --      ----
       0x272d     0xf'ffff  0xf'd8d3
  0x2000'9430  0x2003'ffff  0x3'6bd0


*******************************************************************************
*** INIT TABLE
***

          Address      Size
          -------      ----
Zero (__iar_zero_init3)
    1 destination range, total size 0x137d:
          0x2000'00a8  0x137d

Copy/packbits (__iar_packbits_init_single3)
    1 source range, total size 0xd (7% of destination):
               0x2720     0xd
    1 destination range, total size 0xa4:
          0x2000'0000    0xa4



*******************************************************************************
*** MODULE SUMMARY
***

    Module                  ro code  ro data  rw data
    ------                  -------  -------  -------
command line/config:
    -------------------------------------------------
    Total:

C:\Users\Usuario\Desktop\Projetos_TIVA\TM4C1294_RTOS_IAR9-main_2\Projects\tarefas\ewarm\Obj: [1]
    RTX_Config.o                 34
    driverleds.o                304
    rtx_lib.o                     2      204    4'940
    startup_TM4C1294.o          982
    system_TM4C1294_TW.o         48                 4
    tarefas.o                   216                48
    -------------------------------------------------
    Total:                    1'586      204    4'992

RTX_CM.a: [2]
    irq_cm4f.o                  196
    os_systick.o                126                 1
    rtx_delay.o                 124
    rtx_evr.o                   102
    rtx_kernel.o                712       13      164
    rtx_memory.o                274
    rtx_mempool.o               230
    rtx_msgqueue.o            1'564
    rtx_mutex.o                  82
    rtx_system.o                372
    rtx_thread.o              2'020
    rtx_timer.o                 212
    -------------------------------------------------
    Total:                    6'014       13      165

dl7M_tln.a: [3]
    exit.o                        4
    low_level_init.o              4
    -------------------------------------------------
    Total:                        8

driverlib.a: [4]
    gpio.o                      334
    sysctl.o                    672      588
    -------------------------------------------------
    Total:                    1'006      588

rt7M_tl.a: [5]
    ABImemclr.o                   6
    ABImemclr4.o                  6
    ABImemcpy.o                 166
    ABImemset.o                  94
    ABImemset48.o                50
    cexit.o                      10
    cmain.o                      30
    cstartup_M.o                 28
    data_init.o                  40
    packbits_init_single.o       58
    zero_init3.o                 56
    -------------------------------------------------
    Total:                      544

shb_l.a: [6]
    exit.o                       20
    -------------------------------------------------
    Total:                       20

    Gaps                         12        2        4
    Linker created                        32   32'768
-----------------------------------------------------
    Grand Total:              9'190      839   37'929


*******************************************************************************
*** ENTRY LIST
***

Entry                       Address    Size  Type      Object
-----                       -------    ----  ----      ------
.iar.init_table$$Base        0x266c           --   Gb  - Linker created -
.iar.init_table$$Limit       0x268c           --   Gb  - Linker created -
?main                        0x268d          Code  Gb  cmain.o [5]
CSTACK$$Base            0x2000'1430           --   Gb  - Linker created -
CSTACK$$Limit           0x2000'9430           --   Gb  - Linker created -
EvrRtxDelayCompleted          0xb7d     0x2  Code  Gb  rtx_evr.o [2]
EvrRtxDelayError             0x22ed     0x2  Code  Gb  rtx_evr.o [2]
EvrRtxDelayUntil             0x22f1     0x2  Code  Gb  rtx_evr.o [2]
EvrRtxDelayUntilStarted
                             0x22ef     0x2  Code  Gb  rtx_evr.o [2]
EvrRtxEventFlagsWaitTimeout
                              0xb81     0x2  Code  Gb  rtx_evr.o [2]
EvrRtxKernelError            0x19fd     0x2  Code  Gb  rtx_evr.o [2]
EvrRtxKernelGetState         0x1a45     0x2  Code  Gb  rtx_evr.o [2]
EvrRtxKernelGetTickCount
                             0x1ac5     0x2  Code  Gb  rtx_evr.o [2]
EvrRtxKernelInitialize       0x1ac1     0x2  Code  Gb  rtx_evr.o [2]
EvrRtxKernelInitialized
                             0x1a43     0x2  Code  Gb  rtx_evr.o [2]
EvrRtxKernelStart            0x1ac3     0x2  Code  Gb  rtx_evr.o [2]
EvrRtxKernelStarted          0x1abd     0x2  Code  Gb  rtx_evr.o [2]
EvrRtxMemoryAlloc             0xe3b     0x2  Code  Gb  rtx_evr.o [2]
EvrRtxMemoryBlockAlloc        0xe37     0x2  Code  Gb  rtx_evr.o [2]
EvrRtxMemoryBlockFree         0xe39     0x2  Code  Gb  rtx_evr.o [2]
EvrRtxMemoryBlockInit         0xe35     0x2  Code  Gb  rtx_evr.o [2]
EvrRtxMemoryFree              0xe6f     0x2  Code  Gb  rtx_evr.o [2]
EvrRtxMemoryInit             0x1ac7     0x2  Code  Gb  rtx_evr.o [2]
EvrRtxMemoryPoolAllocTimeout
                              0xb87     0x2  Code  Gb  rtx_evr.o [2]
EvrRtxMessageQueueCreated
                             0x1543     0x2  Code  Gb  rtx_evr.o [2]
EvrRtxMessageQueueError
                             0x153b     0x2  Code  Gb  rtx_evr.o [2]
EvrRtxMessageQueueGet        0x16c7     0x2  Code  Gb  rtx_evr.o [2]
EvrRtxMessageQueueGetPending
                             0x1549     0x2  Code  Gb  rtx_evr.o [2]
EvrRtxMessageQueueGetTimeout
                              0xb89     0x2  Code  Gb  rtx_evr.o [2]
EvrRtxMessageQueueInsertPending
                             0x16c5     0x2  Code  Gb  rtx_evr.o [2]
EvrRtxMessageQueueInserted
                             0x1537     0x2  Code  Gb  rtx_evr.o [2]
EvrRtxMessageQueueNew        0x154d     0x2  Code  Gb  rtx_evr.o [2]
EvrRtxMessageQueueNotInserted
                             0x1547     0x2  Code  Gb  rtx_evr.o [2]
EvrRtxMessageQueueNotRetrieved
                             0x154b     0x2  Code  Gb  rtx_evr.o [2]
EvrRtxMessageQueuePut        0x154f     0x2  Code  Gb  rtx_evr.o [2]
EvrRtxMessageQueuePutPending
                             0x1545     0x2  Code  Gb  rtx_evr.o [2]
EvrRtxMessageQueuePutTimeout
                              0xb8b     0x2  Code  Gb  rtx_evr.o [2]
EvrRtxMessageQueueRetrieved
                             0x1539     0x2  Code  Gb  rtx_evr.o [2]
EvrRtxMutexAcquireTimeout
                              0xb83     0x2  Code  Gb  rtx_evr.o [2]
EvrRtxMutexAcquired           0xe73     0x2  Code  Gb  rtx_evr.o [2]
EvrRtxMutexReleased           0xe71     0x2  Code  Gb  rtx_evr.o [2]
EvrRtxSemaphoreAcquireTimeout
                              0xb85     0x2  Code  Gb  rtx_evr.o [2]
EvrRtxThreadBlocked           0xbbb     0x2  Code  Gb  rtx_evr.o [2]
EvrRtxThreadCreated           0xd6b     0x2  Code  Gb  rtx_evr.o [2]
EvrRtxThreadDestroyed         0xe0d     0x2  Code  Gb  rtx_evr.o [2]
EvrRtxThreadError             0xcdf     0x2  Code  Gb  rtx_evr.o [2]
EvrRtxThreadExit              0xe13     0x2  Code  Gb  rtx_evr.o [2]
EvrRtxThreadFlagsWaitCompleted
                              0xbbd     0x2  Code  Gb  rtx_evr.o [2]
EvrRtxThreadFlagsWaitTimeout
                              0xb7f     0x2  Code  Gb  rtx_evr.o [2]
EvrRtxThreadJoined            0xe0b     0x2  Code  Gb  rtx_evr.o [2]
EvrRtxThreadNew               0xe0f     0x2  Code  Gb  rtx_evr.o [2]
EvrRtxThreadPreempted         0xb8f     0x2  Code  Gb  rtx_evr.o [2]
EvrRtxThreadSwitched          0xbb9     0x2  Code  Gb  rtx_evr.o [2]
EvrRtxThreadUnblocked         0xb8d     0x2  Code  Gb  rtx_evr.o [2]
EvrRtxThreadYield             0xe11     0x2  Code  Gb  rtx_evr.o [2]
EvrRtxTimerCallback          0x2561     0x2  Code  Gb  rtx_evr.o [2]
GPIODirModeSet               0x1f19    0x28  Code  Gb  gpio.o [4]
GPIOPadConfigSet             0x1f41   0x102  Code  Gb  gpio.o [4]
GPIOPinTypeGPIOOutput        0x204b     0xa  Code  Gb  gpio.o [4]
GPIOPinWrite                 0x2043     0x8  Code  Gb  gpio.o [4]
LEDInit                      0x2069    0xba  Code  Gb  driverleds.o [1]
LEDWrite                     0x2123    0x64  Code  Gb  driverleds.o [1]
MessageQueueGet               0xec1    0x40  Code  Lc  rtx_msgqueue.o [2]
MessageQueuePut               0xe75    0x4a  Code  Lc  rtx_msgqueue.o [2]
MessageQueueRemove            0xf01    0x1a  Code  Lc  rtx_msgqueue.o [2]
OS_Tick_AcknowledgeIRQ       0x1729     0xc  Code  Gb  os_systick.o [2]
OS_Tick_Enable               0x1a91    0x2c  Code  Gb  os_systick.o [2]
OS_Tick_GetIRQn              0x1a89     0x6  Code  Gb  os_systick.o [2]
OS_Tick_Setup                0x1a49    0x40  Code  Gb  os_systick.o [2]
PendST                  0x2000'1424     0x1  Data  Lc  os_systick.o [2]
PendSV_Handler               0x238d          Code  Gb  irq_cm4f.o [2]
Region$$Table$$Base          0x266c           --   Gb  - Linker created -
Region$$Table$$Limit         0x268c           --   Gb  - Linker created -
SVC_Handler                  0x22f5          Code  Gb  irq_cm4f.o [2]
SysCtlClockFreqSet           0x1b2b   0x1fc  Code  Gb  sysctl.o [4]
SysCtlPeripheralEnable       0x1b0d     0x8  Code  Gb  sysctl.o [4]
SysCtlPeripheralReady        0x1aeb     0x8  Code  Gb  sysctl.o [4]
SysTick_Handler              0x239d          Code  Gb  irq_cm4f.o [2]
SystemCoreClock         0x2000'1428     0x4  Data  Gb  system_TM4C1294_TW.o [1]
SystemInit                   0x25cd    0x1c  Code  Gb  system_TM4C1294_TW.o [1]
ThreadFlagsCheck              0x3c1    0x6c  Code  Lc  rtx_thread.o [2]
TimerInsert                  0x23b9    0x38  Code  Lc  rtx_timer.o [2]
_SysCtlMemTimingGet          0x1ac9    0x22  Code  Lc  sysctl.o [4]
__Vectors                       0x0           --   Gb  startup_TM4C1294.o [1]
__Vectors_End                 0x3c0          Data  Gb  startup_TM4C1294.o [1]
__Vectors_Size {Abs}          0x3c0           --   Gb  startup_TM4C1294.o [1]
__aeabi_memclr               0x153d          Code  Gb  ABImemclr.o [5]
__aeabi_memclr4               0xd65          Code  Gb  ABImemclr4.o [5]
__aeabi_memcpy               0x1491          Code  Gb  ABImemcpy.o [5]
__aeabi_memcpy4              0x14b1          Code  Gb  ABImemcpy.o [5]
__aeabi_memcpy8              0x14b1          Code  Gb  ABImemcpy.o [5]
__cmain                      0x268d          Code  Gb  cmain.o [5]
__exit                       0x26c1    0x14  Code  Gb  exit.o [6]
__iar_Memset4_word            0xe3d          Code  Gb  ABImemset48.o [5]
__iar_Memset8_word            0xe3d          Code  Gb  ABImemset48.o [5]
__iar_Memset_word            0x16c9          Code  Gb  ABImemset.o [5]
__iar_data_init3             0x25fd    0x28  Code  Gb  data_init.o [5]
__iar_init_vfp               0x26f9          Code  Wk  startup_TM4C1294.o [1]
__iar_packbits_init_single3
                              0xbbf    0x3a  Code  Gb  packbits_init_single.o [5]
__iar_program_start          0x26d5          Code  Gb  cstartup_M.o [5]
__iar_zero_init3             0x2563    0x38  Code  Gb  zero_init3.o [5]
__low_level_init             0x26ab     0x4  Code  Gb  low_level_init.o [3]
__vector_table                  0x0          Data  Gb  startup_TM4C1294.o [1]
__vector_table_0x1c            0x1c          Data  Gb  startup_TM4C1294.o [1]
_call_main                   0x2699          Code  Gb  cmain.o [5]
_exit                        0x26b5          Code  Gb  cexit.o [5]
exit                         0x26af     0x4  Code  Gb  exit.o [3]
g_pppui32XTALtoVCO           0x1d68   0x1b0  Data  Lc  sysctl.o [4]
g_pui32VCOFrequencies        0x1d60     0x8  Data  Lc  sysctl.o [4]
g_pui32Xtals                 0x2448    0x6c  Data  Lc  sysctl.o [4]
g_sXTALtoMEMTIM              0x259c    0x30  Data  Lc  sysctl.o [4]
led_1                   0x2000'13f4     0x8  Data  Gb  tarefas.o [1]
led_2                   0x2000'13fc     0x8  Data  Gb  tarefas.o [1]
led_3                   0x2000'1404     0x8  Data  Gb  tarefas.o [1]
led_4                   0x2000'140c     0x8  Data  Gb  tarefas.o [1]
main                         0x21c5    0x88  Code  Gb  tarefas.o [1]
osDelayUntil                 0x22ad    0x38  Code  Gb  rtx_delay.o [2]
osKernelGetState             0x1931    0x40  Code  Gb  rtx_kernel.o [2]
osKernelGetTickCount         0x19a5    0x20  Code  Gb  rtx_kernel.o [2]
osKernelInitialize           0x18f9    0x38  Code  Gb  rtx_kernel.o [2]
osKernelStart                0x1971    0x34  Code  Gb  rtx_kernel.o [2]
osMessageQueueGet            0x13ed    0x90  Code  Gb  rtx_msgqueue.o [2]
osMessageQueueNew            0x1315    0x3e  Code  Gb  rtx_msgqueue.o [2]
osMessageQueuePut            0x1355    0x98  Code  Gb  rtx_msgqueue.o [2]
osRtxConfig                  0x24b4    0x68  Data  Gb  rtx_lib.o [1]
osRtxErrorNotify              0xe15    0x20  Code  Gb  RTX_Config.o [1]
osRtxIdleThread               0xdb7     0x2  Code  Gb  RTX_Config.o [1]
osRtxInfo               0x2000'0000    0xa4  Data  Gb  rtx_kernel.o [2]
osRtxKernelPreInit           0x1abf     0x2  Code  Gb  rtx_lib.o [1]
osRtxMemoryAlloc              0xce1    0x84  Code  Gb  rtx_memory.o [2]
osRtxMemoryFree               0xd6d    0x4a  Code  Gb  rtx_memory.o [2]
osRtxMemoryInit              0x19ff    0x44  Code  Gb  rtx_memory.o [2]
osRtxMemoryPoolAlloc          0xc45    0x44  Code  Gb  rtx_mempool.o [2]
osRtxMemoryPoolFree           0xc89    0x56  Code  Gb  rtx_mempool.o [2]
osRtxMemoryPoolInit           0xbf9    0x4a  Code  Gb  rtx_mempool.o [2]
osRtxMessageQueuePostProcess
                              0xf1b    0xe6  Code  Lc  rtx_msgqueue.o [2]
osRtxMutexOwnerRelease        0xdb9    0x52  Code  Gb  rtx_mutex.o [2]
osRtxPendSV_Handler          0x15c1    0x8a  Code  Gb  rtx_system.o [2]
osRtxPostProcess             0x164d    0x6e  Code  Gb  rtx_system.o [2]
osRtxThreadBlock              0x629    0x34  Code  Lc  rtx_thread.o [2]
osRtxThreadDelayInsert        0x481    0x62  Code  Lc  rtx_thread.o [2]
osRtxThreadDelayRemove        0x4e3    0x44  Code  Lc  rtx_thread.o [2]
osRtxThreadDelayTick          0x527    0xee  Code  Gb  rtx_thread.o [2]
osRtxThreadDispatch           0x679    0x54  Code  Gb  rtx_thread.o [2]
osRtxThreadFree               0x9a9    0x56  Code  Lc  rtx_thread.o [2]
osRtxThreadListGet            0x44f    0x14  Code  Gb  rtx_thread.o [2]
osRtxThreadListPut            0x42d    0x22  Code  Gb  rtx_thread.o [2]
osRtxThreadListRemove         0x463    0x16  Code  Gb  rtx_thread.o [2]
osRtxThreadPostProcess        0x741    0x54  Code  Lc  rtx_thread.o [2]
osRtxThreadReadyPut           0x479     0x8  Code  Gb  rtx_thread.o [2]
osRtxThreadRegPtr             0x615    0x14  Code  Gb  rtx_thread.o [2]
osRtxThreadStackCheck         0xb91    0x28  Code  Gb  rtx_thread.o [2]
osRtxThreadStartup            0xa91    0x30  Code  Gb  rtx_thread.o [2]
osRtxThreadSwitch             0x65d    0x1c  Code  Gb  rtx_thread.o [2]
osRtxThreadWaitEnter          0x707    0x3a  Code  Gb  rtx_thread.o [2]
osRtxThreadWaitExit           0x6d3    0x2e  Code  Gb  rtx_thread.o [2]
osRtxTick_Handler            0x1551    0x6e  Code  Gb  rtx_system.o [2]
osRtxTimerThread             0x251d    0x44  Code  Gb  rtx_timer.o [2]
osRtxTimerTick               0x23f1    0x54  Code  Lc  rtx_timer.o [2]
osRtxUserSVC                 0x271c     0x4  Data  Gb  rtx_lib.o [1]
osThreadExit                  0xb45    0x16  Code  Gb  rtx_thread.o [2]
osThreadNew                   0xac5    0x40  Code  Gb  rtx_thread.o [2]
osThreadYield                 0xb09    0x36  Code  Gb  rtx_thread.o [2]
os_idle_thread_attr          0x2624    0x24  Data  Lc  rtx_lib.o [1]
os_idle_thread_cb       0x2000'12f8    0x44  Data  Lc  rtx_lib.o [1]
os_idle_thread_stack    0x2000'10a8   0x100  Data  Lc  rtx_lib.o [1]
os_isr_queue            0x2000'1380    0x40  Data  Lc  rtx_lib.o [1]
os_mem                  0x2000'00a8  0x1000  Data  Lc  rtx_lib.o [1]
os_timer_mq_attr             0x2704    0x18  Data  Lc  rtx_lib.o [1]
os_timer_mq_cb          0x2000'13c0    0x34  Data  Lc  rtx_lib.o [1]
os_timer_mq_data        0x2000'12a8    0x50  Data  Lc  rtx_lib.o [1]
os_timer_thread_attr         0x2648    0x24  Data  Lc  rtx_lib.o [1]
os_timer_thread_cb      0x2000'133c    0x44  Data  Lc  rtx_lib.o [1]
os_timer_thread_stack   0x2000'11a8   0x100  Data  Lc  rtx_lib.o [1]
svcRtxDelayUntil             0x2271    0x3c  Code  Lc  rtx_delay.o [2]
svcRtxKernelGetState         0x184b    0x12  Code  Lc  rtx_kernel.o [2]
svcRtxKernelGetTickCount
                             0x18f3     0x4  Code  Lc  rtx_kernel.o [2]
svcRtxKernelInitialize       0x1735   0x116  Code  Lc  rtx_kernel.o [2]
svcRtxKernelStart            0x185d    0x96  Code  Lc  rtx_kernel.o [2]
svcRtxMessageQueueGet        0x1205    0xe8  Code  Lc  rtx_msgqueue.o [2]
svcRtxMessageQueueNew        0x1001   0x130  Code  Lc  rtx_msgqueue.o [2]
svcRtxMessageQueuePut        0x1131    0xd4  Code  Lc  rtx_msgqueue.o [2]
svcRtxThreadExit              0x9ff    0x8e  Code  Lc  rtx_thread.o [2]
svcRtxThreadNew               0x795   0x1cc  Code  Lc  rtx_thread.o [2]
svcRtxThreadYield             0x967    0x42  Code  Lc  rtx_thread.o [2]
thread1_id              0x2000'1414     0x4  Data  Gb  tarefas.o [1]
thread2_id              0x2000'1418     0x4  Data  Gb  tarefas.o [1]
thread3_id              0x2000'141c     0x4  Data  Gb  tarefas.o [1]
thread4_id              0x2000'1420     0x4  Data  Gb  tarefas.o [1]
threadLED                    0x2199    0x2c  Code  Gb  tarefas.o [1]


[1] = C:\Users\Usuario\Desktop\Projetos_TIVA\TM4C1294_RTOS_IAR9-main_2\Projects\tarefas\ewarm\Obj
[2] = RTX_CM.a
[3] = dl7M_tln.a
[4] = driverlib.a
[5] = rt7M_tl.a
[6] = shb_l.a

   9'190 bytes of readonly  code memory
     839 bytes of readonly  data memory
  37'929 bytes of readwrite data memory

Errors: none
Warnings: none
